{
  "operations": {
    "PATCH /comments/{id}/read": {
      "inputs": [
        {
          "parameter_location": "path",
          "parameter_name": "id",
          "resource": "Comment",
          "resource_field": "id"
        }
      ],
      "outputs": [
        {
          "cardinality": "ONE",
          "pointer": "/data",
          "resource": "Read",
          "status_code": "200"
        }
      ]
    }
  },
  "resources": {
    "Comment": {
      "fields": [
        "id"
      ],
      "types": {}
    },
    "Read": {
      "fields": [
        "id"
      ],
      "types": {
        "id": [
          "array",
          "boolean",
          "null",
          "number",
          "object",
          "string"
        ]
      }
    }
  }
}
